Archive member included because of file (symbol)

contiki-sky.a(contiki-sky-pla)
                              obj_sky/contiki-sky-main.o (init_platform)
contiki-sky.a(button-sensor.o)
                              contiki-sky.a(contiki-sky-pla) (button_sensor)
contiki-sky.a(ds2411.o)       obj_sky/contiki-sky-main.o (ds2411_init)
contiki-sky.a(xmem.o)         obj_sky/contiki-sky-main.o (xmem_init)
contiki-sky.a(node-id.o)      obj_sky/contiki-sky-main.o (node_id_restore)
contiki-sky.a(sensors.o)      contiki-sky.a(button-sensor.o) (sensors_changed)
contiki-sky.a(cc2420.o)       obj_sky/contiki-sky-main.o (cc2420_set_pan_addr)
contiki-sky.a(cc2420-arch.o)  contiki-sky.a(cc2420.o) (cc2420_arch_init)
contiki-sky.a(uart1.o)        obj_sky/contiki-sky-main.o (uart1_active)
contiki-sky.a(uart1-putchar.o)
                              obj_sky/contiki-sky-main.o (putchar)
contiki-sky.a(msp430.o)       contiki-sky.a(uart1.o) (msp430_add_lpm_req)
contiki-sky.a(clock.o)        obj_sky/contiki-sky-main.o (clock_init)
contiki-sky.a(leds.o)         obj_sky/contiki-sky-main.o (leds_init)
contiki-sky.a(leds-arch.o)    contiki-sky.a(leds.o) (leds_arch_init)
contiki-sky.a(watchdog.o)     obj_sky/contiki-sky-main.o (watchdog_start)
contiki-sky.a(rtimer-arch.o)  obj_sky/contiki-sky-main.o (rtimer_arch_now)
contiki-sky.a(autostart.o)    obj_sky/contiki-sky-main.o (autostart_start)
contiki-sky.a(energest.o)     obj_sky/contiki-sky-main.o (energest_init)
contiki-sky.a(ctimer.o)       obj_sky/contiki-sky-main.o (ctimer_init)
contiki-sky.a(etimer.o)       contiki-sky.a(clock.o) (etimer_request_poll)
contiki-sky.a(process.o)      contiki-sky.a(ctimer.o) (process_current)
contiki-sky.a(rtimer.o)       obj_sky/contiki-sky-main.o (rtimer_init)
contiki-sky.a(timer.o)        obj_sky/contiki-sky-main.o (timer_set)
contiki-sky.a(serial-line.o)  obj_sky/contiki-sky-main.o (serial_line_input_byte)
contiki-sky.a(list.o)         contiki-sky.a(ctimer.o) (list_init)
contiki-sky.a(random.o)       obj_sky/contiki-sky-main.o (random_init)
contiki-sky.a(ringbuf.o)      contiki-sky.a(serial-line.o) (ringbuf_init)
contiki-sky.a(rime.o)         obj_sky/contiki-sky-main.o (rime_driver)
contiki-sky.a(broadcast-annou)
                              contiki-sky.a(rime.o) (broadcast_announcement_init)
contiki-sky.a(abc.o)          contiki-sky.a(rime.o) (abc_input)
contiki-sky.a(chameleon.o)    contiki-sky.a(rime.o) (chameleon_init)
contiki-sky.a(channel.o)      contiki-sky.a(chameleon.o) (channel_init)
contiki-sky.a(broadcast.o)    node.co (broadcast_open)
contiki-sky.a(announcement.o)
                              contiki-sky.a(rime.o) (announcement_init)
contiki-sky.a(csma.o)         obj_sky/contiki-sky-main.o (csma_driver)
contiki-sky.a(mac.o)          contiki-sky.a(csma.o) (mac_call_sent_callback)
contiki-sky.a(nullrdc.o)      obj_sky/contiki-sky-main.o (nullrdc_driver)
contiki-sky.a(queuebuf.o)     contiki-sky.a(rime.o) (queuebuf_init)
contiki-sky.a(packetbuf.o)    contiki-sky.a(cc2420.o) (packetbuf_set_datalen)
contiki-sky.a(linkaddr.o)     obj_sky/contiki-sky-main.o (linkaddr_copy)
contiki-sky.a(contikimac-fram)
                              contiki-sky.a(nullrdc.o) (contikimac_framer)
contiki-sky.a(nullsec.o)      obj_sky/contiki-sky-main.o (nullsec_driver)
contiki-sky.a(spi.o)          contiki-sky.a(xmem.o) (spi_init)
contiki-sky.a(memb.o)         contiki-sky.a(csma.o) (memb_init)
contiki-sky.a(chameleon-bitop)
                              contiki-sky.a(chameleon.o) (chameleon_bitopt)
contiki-sky.a(framer-802154.o)
                              contiki-sky.a(contikimac-fram) (framer_802154)
contiki-sky.a(frame802154.o)  contiki-sky.a(framer-802154.o) (frame802154_get_pan_id)
/usr/lib/gcc/msp430/4.6.3/mmpy-16/libgcc.a(_mulsi3.o)
                              contiki-sky.a(csma.o) (__mulsi3)
/usr/lib/gcc/msp430/4.6.3/mmpy-16/libgcc.a(_udivmod16.o)
                              node.co (__umodhi3)
/usr/lib/gcc/msp430/4.6.3/mmpy-16/libgcc.a(_udivmod32.o)
                              obj_sky/contiki-sky-main.o (__udivsi3)
/usr/lib/gcc/msp430/4.6.3/../../../../msp430/lib/mmpy-16/libc.a(strncmp.o)
                              contiki-sky.a(sensors.o) (strncmp)
/usr/lib/gcc/msp430/4.6.3/../../../../msp430/lib/mmpy-16/libc.a(memcmp.o)
                              contiki-sky.a(linkaddr.o) (memcmp)
/usr/lib/gcc/msp430/4.6.3/../../../../msp430/lib/mmpy-16/libc.a(memcpy.o)
                              node.co (memcpy)
/usr/lib/gcc/msp430/4.6.3/../../../../msp430/lib/mmpy-16/libc.a(memset.o)
                              obj_sky/contiki-sky-main.o (memset)
/usr/lib/gcc/msp430/4.6.3/../../../../msp430/lib/mmpy-16/libc.a(malloc.o)
                              node.co (malloc)
/usr/lib/gcc/msp430/4.6.3/../../../../msp430/lib/mmpy-16/libc.a(printf.o)
                              node.co (printf)
/usr/lib/gcc/msp430/4.6.3/../../../../msp430/lib/mmpy-16/libc.a(sprintf.o)
                              node.co (sprintf)
[...]
Memory Configuration

Name             Origin             Length             Attributes
sfr              0x0000000000000000 0x0000000000000010
peripheral_8bit  0x0000000000000010 0x00000000000000f0
peripheral_16bit 0x0000000000000100 0x0000000000000100
ram_mirror       0x0000000000000200 0x0000000000000800 xw
infomem          0x0000000000001000 0x0000000000000100
infob            0x0000000000001000 0x0000000000000080
infoa            0x0000000000001080 0x0000000000000080
ram              0x0000000000001100 0x0000000000002800 xw
rom              0x0000000000004000 0x000000000000bfe0 xr
vectors          0x000000000000ffe0 0x0000000000000020
bsl              0x0000000000000000 0x0000000000000000
infoc            0x0000000000000000 0x0000000000000000
infod            0x0000000000000000 0x0000000000000000
ram2             0x0000000000000000 0x0000000000000000 xw
usbram           0x0000000000000000 0x0000000000000000 xw
far_rom          0x0000000000000000 0x0000000000000000
*default*        0x0000000000000000 0xffffffffffffffff

Linker script and memory map

LOAD /usr/lib/gcc/msp430/4.6.3/mmpy-16/crt0ivtbl16.o
LOAD node.co
LOAD obj_sky/contiki-sky-main.o
LOAD contiki-sky.a
LOAD /usr/lib/gcc/msp430/4.6.3/mmpy-16/libgcc.a
LOAD /usr/lib/gcc/msp430/4.6.3/../../../../msp430/lib/mmpy-16/libc.a
LOAD /usr/lib/gcc/msp430/4.6.3/mmpy-16/libgcc.a
LOAD /usr/lib/gcc/msp430/4.6.3/mmpy-16/libcrt0.a
                0x0000000000000080                PROVIDE (__info_segment_size, 0x80)
                0x0000000000001000                PROVIDE (__infob, 0x1000)
                0x0000000000001080                PROVIDE (__infoa, 0x1080)
                0x0000000000000000                __IE1 = 0x0
                0x0000000000000002                __IFG1 = 0x2
                0x0000000000000004                __ME1 = 0x4
                0x0000000000000001                __IE2 = 0x1
                0x0000000000000003                __IFG2 = 0x3
                0x0000000000000005                __ME2 = 0x5
                0x0000000000000120                __WDTCTL = 0x120
                0x0000000000000130                __MPY = 0x130
                0x0000000000000132                __MPYS = 0x132
                0x0000000000000134                __MAC = 0x134
                0x0000000000000136                __MACS = 0x136
                0x0000000000000138                __OP2 = 0x138
                0x000000000000013a                __RESLO = 0x13a
                0x000000000000013c                __RESHI = 0x13c
                0x000000000000013e                __SUMEXT = 0x13e
                0x0000000000000020                __P1IN = 0x20
                0x0000000000000021                __P1OUT = 0x21
                0x0000000000000022                __P1DIR = 0x22
                0x0000000000000023                __P1IFG = 0x23
                0x0000000000000024                __P1IES = 0x24
                0x0000000000000025                __P1IE = 0x25
                0x0000000000000026                __P1SEL = 0x26
                0x0000000000000028                __P2IN = 0x28
                0x0000000000000029                __P2OUT = 0x29
                0x000000000000002a                __P2DIR = 0x2a
                0x000000000000002b                __P2IFG = 0x2b
                0x000000000000002c                __P2IES = 0x2c
                0x000000000000002d                __P2IE = 0x2d
                0x000000000000002e                __P2SEL = 0x2e
                0x0000000000000018                __P3IN = 0x18
                0x0000000000000019                __P3OUT = 0x19
                0x000000000000001a                __P3DIR = 0x1a
                0x000000000000001b                __P3SEL = 0x1b
                0x000000000000001c                __P4IN = 0x1c
                0x000000000000001d                __P4OUT = 0x1d
                0x000000000000001e                __P4DIR = 0x1e
                0x000000000000001f                __P4SEL = 0x1f
                0x0000000000000030                __P5IN = 0x30
                0x0000000000000031                __P5OUT = 0x31
                0x0000000000000032                __P5DIR = 0x32
                0x0000000000000033                __P5SEL = 0x33
                0x0000000000000034                __P6IN = 0x34
                0x0000000000000035                __P6OUT = 0x35
                0x0000000000000036                __P6DIR = 0x36
                0x0000000000000037                __P6SEL = 0x37
                0x0000000000000070                __U0CTL = 0x70
                0x0000000000000071                __U0TCTL = 0x71
                0x0000000000000072                __U0RCTL = 0x72
                0x0000000000000073                __U0MCTL = 0x73
                0x0000000000000074                __U0BR0 = 0x74
                0x0000000000000075                __U0BR1 = 0x75
                0x0000000000000076                __U0RXBUF = 0x76
                0x0000000000000077                __U0TXBUF = 0x77
                0x0000000000000078                __U1CTL = 0x78
                0x0000000000000079                __U1TCTL = 0x79
                0x000000000000007a                __U1RCTL = 0x7a
                0x000000000000007b                __U1MCTL = 0x7b
                0x000000000000007c                __U1BR0 = 0x7c
                0x000000000000007d                __U1BR1 = 0x7d
                0x000000000000007e                __U1RXBUF = 0x7e
                0x000000000000007f                __U1TXBUF = 0x7f
                0x0000000000000050                __I2CIE = 0x50
                0x0000000000000051                __I2CIFG = 0x51
                0x0000000000000052                __I2CNDAT = 0x52
                0x0000000000000071                __I2CTCTL = 0x71
                0x0000000000000072                __I2CDCTL = 0x72
                0x0000000000000073                __I2CPSC = 0x73
                0x0000000000000074                __I2CSCLH = 0x74
                0x0000000000000075                __I2CSCLL = 0x75
                0x0000000000000076                __I2CDRB = 0x76
                0x0000000000000076                __I2CDRW = 0x76
                0x0000000000000118                __I2COA = 0x118
                0x000000000000011a                __I2CSA = 0x11a
                0x000000000000011c                __I2CIV = 0x11c
                0x000000000000012e                __TAIV = 0x12e
                0x0000000000000160                __TACTL = 0x160
                0x0000000000000162                __TACCTL0 = 0x162
                0x0000000000000164                __TACCTL1 = 0x164
                0x0000000000000166                __TACCTL2 = 0x166
                0x0000000000000170                __TAR = 0x170
                0x0000000000000172                __TACCR0 = 0x172
                0x0000000000000174                __TACCR1 = 0x174
                0x0000000000000176                __TACCR2 = 0x176
                0x000000000000011e                __TBIV = 0x11e
                0x0000000000000180                __TBCTL = 0x180
                0x0000000000000182                __TBCCTL0 = 0x182
                0x0000000000000184                __TBCCTL1 = 0x184
                0x0000000000000186                __TBCCTL2 = 0x186
                0x0000000000000188                __TBCCTL3 = 0x188
                0x000000000000018a                __TBCCTL4 = 0x18a
                0x000000000000018c                __TBCCTL5 = 0x18c
                0x000000000000018e                __TBCCTL6 = 0x18e
                0x0000000000000190                __TBR = 0x190
                0x0000000000000192                __TBCCR0 = 0x192
                0x0000000000000194                __TBCCR1 = 0x194
                0x0000000000000196                __TBCCR2 = 0x196
                0x0000000000000198                __TBCCR3 = 0x198
                0x000000000000019a                __TBCCR4 = 0x19a
                0x000000000000019c                __TBCCR5 = 0x19c
                0x000000000000019e                __TBCCR6 = 0x19e
                0x0000000000000056                __DCOCTL = 0x56
                0x0000000000000057                __BCSCTL1 = 0x57
                0x0000000000000058                __BCSCTL2 = 0x58
                0x0000000000000055                __SVSCTL = 0x55
                0x0000000000000128                __FCTL1 = 0x128
                0x000000000000012a                __FCTL2 = 0x12a
                0x000000000000012c                __FCTL3 = 0x12c
                0x0000000000000059                __CACTL1 = 0x59
                0x000000000000005a                __CACTL2 = 0x5a
                0x000000000000005b                __CAPD = 0x5b
                0x00000000000001a0                __ADC12CTL0 = 0x1a0
                0x00000000000001a2                __ADC12CTL1 = 0x1a2
                0x00000000000001a4                __ADC12IFG = 0x1a4
                0x00000000000001a6                __ADC12IE = 0x1a6
                0x00000000000001a8                __ADC12IV = 0x1a8
                0x0000000000000140                __ADC12MEM0 = 0x140
                0x0000000000000142                __ADC12MEM1 = 0x142
                0x0000000000000144                __ADC12MEM2 = 0x144
                0x0000000000000146                __ADC12MEM3 = 0x146
                0x0000000000000148                __ADC12MEM4 = 0x148
                0x000000000000014a                __ADC12MEM5 = 0x14a
                0x000000000000014c                __ADC12MEM6 = 0x14c
                0x000000000000014e                __ADC12MEM7 = 0x14e
                0x0000000000000150                __ADC12MEM8 = 0x150
                0x0000000000000152                __ADC12MEM9 = 0x152
                0x0000000000000154                __ADC12MEM10 = 0x154
                0x0000000000000156                __ADC12MEM11 = 0x156
                0x0000000000000158                __ADC12MEM12 = 0x158
                0x000000000000015a                __ADC12MEM13 = 0x15a
                0x000000000000015c                __ADC12MEM14 = 0x15c
                0x000000000000015e                __ADC12MEM15 = 0x15e
                0x0000000000000080                __ADC12MCTL0 = 0x80
                0x0000000000000081                __ADC12MCTL1 = 0x81
                0x0000000000000082                __ADC12MCTL2 = 0x82
                0x0000000000000083                __ADC12MCTL3 = 0x83
                0x0000000000000084                __ADC12MCTL4 = 0x84
                0x0000000000000085                __ADC12MCTL5 = 0x85
                0x0000000000000086                __ADC12MCTL6 = 0x86
                0x0000000000000087                __ADC12MCTL7 = 0x87
                0x0000000000000088                __ADC12MCTL8 = 0x88
                0x0000000000000089                __ADC12MCTL9 = 0x89
                0x000000000000008a                __ADC12MCTL10 = 0x8a
                0x000000000000008b                __ADC12MCTL11 = 0x8b
                0x000000000000008c                __ADC12MCTL12 = 0x8c
                0x000000000000008d                __ADC12MCTL13 = 0x8d
                0x000000000000008e                __ADC12MCTL14 = 0x8e
                0x000000000000008f                __ADC12MCTL15 = 0x8f
                0x00000000000001c0                __DAC12_0CTL = 0x1c0
                0x00000000000001c2                __DAC12_1CTL = 0x1c2
                0x00000000000001c8                __DAC12_0DAT = 0x1c8
                0x00000000000001ca                __DAC12_1DAT = 0x1ca
                0x0000000000000122                __DMACTL0 = 0x122
                0x0000000000000124                __DMACTL1 = 0x124
                0x00000000000001e0                __DMA0CTL = 0x1e0
                0x00000000000001e8                __DMA1CTL = 0x1e8
                0x00000000000001f0                __DMA2CTL = 0x1f0
                0x00000000000001e2                __DMA0SA = 0x1e2
                0x00000000000001e4                __DMA0DA = 0x1e4
                0x00000000000001e6                __DMA0SZ = 0x1e6
                0x00000000000001ea                __DMA1SA = 0x1ea
                0x00000000000001ec                __DMA1DA = 0x1ec
                0x00000000000001ee                __DMA1SZ = 0x1ee
                0x00000000000001f2                __DMA2SA = 0x1f2
                0x00000000000001f4                __DMA2DA = 0x1f4
                0x00000000000001f6                __DMA2SZ = 0x1f6

.hash
 *(.hash)

.dynsym
 *(.dynsym)

.dynstr
 *(.dynstr)

.gnu.version
 *(.gnu.version)

.gnu.version_d
 *(.gnu.version_d)

.gnu.version_r
 *(.gnu.version_r)

.rel.init
 *(.rel.init)

.rela.init
 *(.rela.init)

.rel.fini
 *(.rel.fini)

.rela.fini
 *(.rela.fini)

.rel.text
 *(.rel.text .rel.text.* .rel.gnu.linkonce.t.*)

.rela.text
 *(.rela.text .rela.text.* .rela.gnu.linkonce.t.*)

.rel.rodata
 *(.rel.rodata .rel.rodata.* .rel.gnu.linkonce.r.*)

.rela.rodata
 *(.rela.rodata .rela.rodata.* .rela.gnu.linkonce.r.*)

.rel.data
 *(.rel.data .rel.data.* .rel.gnu.linkonce.d.*)

.rela.data
 *(.rela.data .rela.data.* .rela.gnu.linkonce.d.*)

.rel.bss
 *(.rel.bss .rel.bss.* .rel.gnu.linkonce.b.*)

.rela.bss
 *(.rela.bss .rela.bss.* .rela.gnu.linkonce.b.*)

.rel.ctors
 *(.rel.ctors)

.rela.ctors
 *(.rela.ctors)

.rel.dtors
 *(.rel.dtors)

.rela.dtors
 *(.rela.dtors)

.rel.got
 *(.rel.got)

.rela.got
 *(.rela.got)

.rel.plt
 *(.rel.plt)

.rela.plt
 *(.rela.plt)

.text           0x0000000000004000     0x4c46
                0x0000000000004000                . = ALIGN (0x2)
 *(.init .init.*)
 *(.init0)
 .init0         0x0000000000004000        0x0 /usr/lib/gcc/msp430/4.6.3/mmpy-16/libcrt0.a(_reset_vector__.o)
                0x0000000000004000                _reset_vector__
 *(.init1)
 .init1         0x0000000000004000        0xc /usr/lib/gcc/msp430/4.6.3/mmpy-16/libcrt0.a(__watchdog_support.o)
                0x0000000000004000                __watchdog_support
 *(.init2)
 .init2         0x000000000000400c        0x4 /usr/lib/gcc/msp430/4.6.3/mmpy-16/libcrt0.a(__init_stack.o)
                0x000000000000400c                __init_stack
 *(.init3)
 .init3         0x0000000000004010        0x0 /usr/lib/gcc/msp430/4.6.3/mmpy-16/libcrt0.a(__low_level_init.o)
                0x0000000000004010                __low_level_init
 *(.init4)
 .init4         0x0000000000004010       0x18 /usr/lib/gcc/msp430/4.6.3/mmpy-16/libcrt0.a(_copy_data.o)
                0x0000000000004010                __do_copy_data
 .init4         0x0000000000004028       0x16 /usr/lib/gcc/msp430/4.6.3/mmpy-16/libcrt0.a(_clear_bss.o)
                0x0000000000004028                __do_clear_bss
 *(.init5)
 *(.init6)
 *(.init7)
 *(.init8)
 *(.init9)
 .init9         0x000000000000403e      0x2da obj_sky/contiki-sky-main.o
                0x000000000000403e                main
 *(.fini9)
 .fini9         0x0000000000004318        0x0 /usr/lib/gcc/msp430/4.6.3/mmpy-16/libcrt0.a(__stop_progExec__.o)
                0x0000000000004318                __stop_progExec__
 *(.fini8)
 *(.fini7)
 *(.fini6)
 *(.fini5)
 *(.fini4)
 *(.fini3)
 *(.fini2)
 *(.fini1)
 *(.fini0)
 .fini0         0x0000000000004318        0x6 /usr/lib/gcc/msp430/4.6.3/mmpy-16/libcrt0.a(_endless_loop__.o)
                0x0000000000004318                _endless_loop__
 *(.fini .fini.*)
                0x000000000000431e                . = ALIGN (0x2)
                0x000000000000431e                __ctors_start = .
 *(.ctors)
                0x000000000000431e                __ctors_end = .
                0x000000000000431e                __dtors_start = .
 *(.dtors)
                0x000000000000431e                __dtors_end = .
                0x000000000000431e                . = ALIGN (0x2)
 *(.text .text.* .gnu.linkonce.t.*)
 .text          0x000000000000431e        0x4 /usr/lib/gcc/msp430/4.6.3/mmpy-16/crt0ivtbl16.o
                0x000000000000431e                __isr_14
                0x000000000000431e                __isr_11
                0x000000000000431e                __isr_2
                0x000000000000431e                __isr_7
                0x000000000000431e                __isr_0
                0x000000000000431e                __isr_8
                0x000000000000431e                __isr_3
                0x000000000000431e                __isr_12
                0x000000000000431e                __isr_13
                0x000000000000431e                __isr_9
 .text.process_thread_broadcast_process
                0x0000000000004322       0x6e node.co
 .text.broadcast_recv
                0x0000000000004390       0x7c node.co
 .text.send_msg
                0x000000000000440c       0x56 node.co
 .text.init_platform
                0x0000000000004462        0xc contiki-sky.a(contiki-sky-pla)
                0x0000000000004462                init_platform
 .text.status   0x000000000000446e       0x16 contiki-sky.a(button-sensor.o)
 .text.configure
                0x0000000000004484       0x52 contiki-sky.a(button-sensor.o)
 .text.value    0x00000000000044d6       0x22 contiki-sky.a(button-sensor.o)
 .text.irq_p2   0x00000000000044f8       0x8a contiki-sky.a(button-sensor.o)
                0x00000000000044f8                irq_p2
                0x00000000000044f8                __isr_1
 .text.owreadb  0x0000000000004582       0x52 contiki-sky.a(ds2411.o)
 .text.ds2411_init
                0x00000000000045d4      0x122 contiki-sky.a(ds2411.o)
                0x00000000000045d4                ds2411_init
 .text.wait_ready
                0x00000000000046f6       0x50 contiki-sky.a(xmem.o)
 .text.xmem_init
                0x0000000000004746       0x3e contiki-sky.a(xmem.o)
                0x0000000000004746                xmem_init
 .text.xmem_pread
                0x0000000000004784       0xea contiki-sky.a(xmem.o)
                0x0000000000004784                xmem_pread
 .text.node_id_restore
                0x000000000000486e       0x38 contiki-sky.a(node-id.o)
                0x000000000000486e                node_id_restore
 .text.process_thread_sensors_process
                0x00000000000048a6       0xbe contiki-sky.a(sensors.o)
 .text.sensors_changed
                0x0000000000004964       0x2a contiki-sky.a(sensors.o)
                0x0000000000004964                sensors_changed
 .text.get_object
                0x000000000000498e        0x4 contiki-sky.a(cc2420.o)
 .text.set_object
                0x0000000000004992        0x4 contiki-sky.a(cc2420.o)
 .text.strobe   0x0000000000004996       0x20 contiki-sky.a(cc2420.o)
 .text.getreg   0x00000000000049b6       0x54 contiki-sky.a(cc2420.o)
 .text.setreg   0x0000000000004a0a       0x52 contiki-sky.a(cc2420.o)
 .text.write_ram
                0x0000000000004a5c       0x80 contiki-sky.a(cc2420.o)
 .text.write_fifo_buf
                0x0000000000004adc       0x40 contiki-sky.a(cc2420.o)
 .text.get_status
                0x0000000000004b1c       0x24 contiki-sky.a(cc2420.o)
 .text.set_txpower
                0x0000000000004b40       0x26 contiki-sky.a(cc2420.o)
 .text.cc2420_receiving_packet
                0x0000000000004b66        0xe contiki-sky.a(cc2420.o)
 .text.pending_packet
                0x0000000000004b74        0x8 contiki-sky.a(cc2420.o)
 .text.on       0x0000000000004b7c       0x26 contiki-sky.a(cc2420.o)
 .text.wait_for_transmission
                0x0000000000004ba2       0x22 contiki-sky.a(cc2420.o)
 .text.wait_for_status
                0x0000000000004bc4       0x2a contiki-sky.a(cc2420.o)
 .text.getrxdata
                0x0000000000004bee       0x56 contiki-sky.a(cc2420.o)
 .text.flushrx  0x0000000000004c44       0x1a contiki-sky.a(cc2420.o)
 .text.off      0x0000000000004c5e       0x62 contiki-sky.a(cc2420.o)
 .text.RELEASE_LOCK
                0x0000000000004cc0       0x28 contiki-sky.a(cc2420.o)
 .text.set_key  0x0000000000004ce8       0x18 contiki-sky.a(cc2420.o)
 .text.set_frame_filtering
                0x0000000000004d00       0x30 contiki-sky.a(cc2420.o)
 .text.set_auto_ack
                0x0000000000004d30       0x30 contiki-sky.a(cc2420.o)
 .text.set_poll_mode
                0x0000000000004d60       0x36 contiki-sky.a(cc2420.o)
 .text.cc2420_prepare
                0x0000000000004d96       0x3c contiki-sky.a(cc2420.o)
 .text.cc2420_on
                0x0000000000004dd2       0x22 contiki-sky.a(cc2420.o)
                0x0000000000004dd2                cc2420_on
 .text.cc2420_off
                0x0000000000004df4       0x30 contiki-sky.a(cc2420.o)
                0x0000000000004df4                cc2420_off
 .text.cc2420_cca
                0x0000000000004e24       0x5e contiki-sky.a(cc2420.o)
 .text.cc2420_read
                0x0000000000004e82       0xc0 contiki-sky.a(cc2420.o)
 .text.process_thread_cc2420_process
                0x0000000000004f42       0x58 contiki-sky.a(cc2420.o)
 .text.encrypt  0x0000000000004f9a       0x8e contiki-sky.a(cc2420.o)
 .text.cc2420_set_channel
                0x0000000000005028       0x3c contiki-sky.a(cc2420.o)
                0x0000000000005028                cc2420_set_channel
 .text.cc2420_set_pan_addr
                0x0000000000005064       0x4c contiki-sky.a(cc2420.o)
                0x0000000000005064                cc2420_set_pan_addr
 .text.cc2420_interrupt
                0x00000000000050b0       0x18 contiki-sky.a(cc2420.o)
                0x00000000000050b0                cc2420_interrupt
 .text.cc2420_set_txpower
                0x00000000000050c8        0xe contiki-sky.a(cc2420.o)
                0x00000000000050c8                cc2420_set_txpower
 .text.cc2420_get_txpower
                0x00000000000050d6       0x1e contiki-sky.a(cc2420.o)
                0x00000000000050d6                cc2420_get_txpower
 .text.cc2420_transmit
                0x00000000000050f4      0x134 contiki-sky.a(cc2420.o)
 .text.cc2420_send
                0x0000000000005228       0x12 contiki-sky.a(cc2420.o)
 .text.cc2420_rssi
                0x000000000000523a       0x4c contiki-sky.a(cc2420.o)
                0x000000000000523a                cc2420_rssi
 .text.get_value
                0x0000000000005286      0x108 contiki-sky.a(cc2420.o)
 .text.cc2420_set_cca_threshold
                0x000000000000538e       0x16 contiki-sky.a(cc2420.o)
                0x000000000000538e                cc2420_set_cca_threshold
 .text.set_value
                0x00000000000053a4       0xba contiki-sky.a(cc2420.o)
 .text.cc2420_init
                0x000000000000545e       0xf0 contiki-sky.a(cc2420.o)
                0x000000000000545e                cc2420_init
 .text.cc2420_port1_interrupt
                0x000000000000554e       0x62 contiki-sky.a(cc2420-arch.o)
                0x000000000000554e                __isr_4
                0x000000000000554e                cc2420_port1_interrupt
 .text.cc2420_arch_init
                0x00000000000055b0       0x1a contiki-sky.a(cc2420-arch.o)
                0x00000000000055b0                cc2420_arch_init
 .text.handle_rxdma_timer
                0x00000000000055ca       0x3a contiki-sky.a(uart1.o)
 .text.uart1_active
                0x0000000000005604       0x1a contiki-sky.a(uart1.o)
                0x0000000000005604                uart1_active
 .text.uart1_set_input
                0x000000000000561e       0x20 contiki-sky.a(uart1.o)
                0x000000000000561e                uart1_set_input
 .text.uart1_writeb
                0x000000000000563e       0x1a contiki-sky.a(uart1.o)
                0x000000000000563e                uart1_writeb
 .text.uart1_init
                0x0000000000005658       0xf6 contiki-sky.a(uart1.o)
                0x0000000000005658                uart1_init
 .text.putchar  0x000000000000574e       0x10 contiki-sky.a(uart1-putchar.o)
                0x000000000000574e                putchar
 .text.msp430_init_dco
                0x000000000000575e       0x84 contiki-sky.a(msp430.o)
                0x000000000000575e                msp430_init_dco
 .text.msp430_add_lpm_req
                0x00000000000057e2        0xc contiki-sky.a(msp430.o)
                0x00000000000057e2                msp430_add_lpm_req
 .text.msp430_cpu_init
                0x00000000000057ee       0x2a contiki-sky.a(msp430.o)
                0x00000000000057ee                msp430_cpu_init
 .text.splhigh_
                0x0000000000005818        0x8 contiki-sky.a(msp430.o)
                0x0000000000005818                splhigh_
 .text.msp430_sync_dco
                0x0000000000005820       0x68 contiki-sky.a(msp430.o)
                0x0000000000005820                msp430_sync_dco
 .text.timera1  0x0000000000005888      0x11e contiki-sky.a(clock.o)
                0x0000000000005888                __isr_5
                0x0000000000005888                timera1
 .text.clock_time
                0x00000000000059a6       0x1a contiki-sky.a(clock.o)
                0x00000000000059a6                clock_time
 .text.clock_init
                0x00000000000059c0       0x28 contiki-sky.a(clock.o)
                0x00000000000059c0                clock_init
 .text.clock_delay
                0x00000000000059e8        0xc contiki-sky.a(clock.o)
                0x00000000000059e8                clock_delay
 .text.show_leds
                0x00000000000059f4       0xf6 contiki-sky.a(leds.o)
 .text.leds_init
                0x0000000000005aea        0xa contiki-sky.a(leds.o)
                0x0000000000005aea                leds_init
 .text.leds_on  0x0000000000005af4        0xa contiki-sky.a(leds.o)
                0x0000000000005af4                leds_on
 .text.leds_off
                0x0000000000005afe        0xe contiki-sky.a(leds.o)
                0x0000000000005afe                leds_off
 .text.leds_arch_init
                0x0000000000005b0c        0xe contiki-sky.a(leds-arch.o)
                0x0000000000005b0c                leds_arch_init
 .text.leds_arch_set
                0x0000000000005b1a       0x3a contiki-sky.a(leds-arch.o)
                0x0000000000005b1a                leds_arch_set
 .text.watchdog_interrupt
                0x0000000000005b54        0x6 contiki-sky.a(watchdog.o)
                0x0000000000005b54                __isr_10
                0x0000000000005b54                watchdog_interrupt
 .text.watchdog_start
                0x0000000000005b5a       0x14 contiki-sky.a(watchdog.o)
                0x0000000000005b5a                watchdog_start
 .text.watchdog_periodic
                0x0000000000005b6e       0x12 contiki-sky.a(watchdog.o)
                0x0000000000005b6e                watchdog_periodic
 .text.watchdog_stop
                0x0000000000005b80       0x16 contiki-sky.a(watchdog.o)
                0x0000000000005b80                watchdog_stop
 .text.watchdog_init
                0x0000000000005b96       0x14 contiki-sky.a(watchdog.o)
                0x0000000000005b96                watchdog_init
 .text.rtimer_arch_init
                0x0000000000005baa        0xe contiki-sky.a(rtimer-arch.o)
                0x0000000000005baa                rtimer_arch_init
 .text.rtimer_arch_now
                0x0000000000005bb8        0xe contiki-sky.a(rtimer-arch.o)
                0x0000000000005bb8                rtimer_arch_now
 .text.timera0  0x0000000000005bc6       0x70 contiki-sky.a(rtimer-arch.o)
                0x0000000000005bc6                __isr_6
                0x0000000000005bc6                timera0
 .text.rtimer_arch_schedule
                0x0000000000005c36        0x6 contiki-sky.a(rtimer-arch.o)
                0x0000000000005c36                rtimer_arch_schedule
 .text.autostart_start
                0x0000000000005c3c       0x16 contiki-sky.a(autostart.o)
                0x0000000000005c3c                autostart_start
 .text.energest_init
                0x0000000000005c52       0x28 contiki-sky.a(energest.o)
                0x0000000000005c52                energest_init
 .text.energest_type_time
                0x0000000000005c7a       0x46 contiki-sky.a(energest.o)
                0x0000000000005c7a                energest_type_time
 .text.energest_type_set
                0x0000000000005cc0        0xe contiki-sky.a(energest.o)
                0x0000000000005cc0                energest_type_set
 .text.energest_flush
                0x0000000000005cce       0x48 contiki-sky.a(energest.o)
                0x0000000000005cce                energest_flush
 .text.process_thread_ctimer_process
                0x0000000000005d16       0xa4 contiki-sky.a(ctimer.o)
 .text.ctimer_init
                0x0000000000005dba       0x18 contiki-sky.a(ctimer.o)
                0x0000000000005dba                ctimer_init
 .text.ctimer_set_with_process
                0x0000000000005dd2       0x4e contiki-sky.a(ctimer.o)
                0x0000000000005dd2                ctimer_set_with_process
 .text.ctimer_set
                0x0000000000005e20       0x10 contiki-sky.a(ctimer.o)
                0x0000000000005e20                ctimer_set
 .text.ctimer_reset
                0x0000000000005e30       0x30 contiki-sky.a(ctimer.o)
                0x0000000000005e30                ctimer_reset
 .text.ctimer_stop
                0x0000000000005e60       0x28 contiki-sky.a(ctimer.o)
                0x0000000000005e60                ctimer_stop
 .text.update_time
                0x0000000000005e88       0x78 contiki-sky.a(etimer.o)
 .text.etimer_request_poll
                0x0000000000005f00        0xa contiki-sky.a(etimer.o)
                0x0000000000005f00                etimer_request_poll
 .text.process_thread_etimer_process
                0x0000000000005f0a       0xc8 contiki-sky.a(etimer.o)
 .text.add_timer
                0x0000000000005fd2       0x40 contiki-sky.a(etimer.o)
 .text.etimer_set
                0x0000000000006012       0x12 contiki-sky.a(etimer.o)
                0x0000000000006012                etimer_set
 .text.etimer_reset
                0x0000000000006024       0x12 contiki-sky.a(etimer.o)
                0x0000000000006024                etimer_reset
 .text.etimer_pending
                0x0000000000006036        0xc contiki-sky.a(etimer.o)
                0x0000000000006036                etimer_pending
 .text.etimer_next_expiration_time
                0x0000000000006042       0x16 contiki-sky.a(etimer.o)
                0x0000000000006042                etimer_next_expiration_time
 .text.etimer_stop
                0x0000000000006058       0x3c contiki-sky.a(etimer.o)
                0x0000000000006058                etimer_stop
 .text.call_process
                0x0000000000006094       0x4a contiki-sky.a(process.o)
 .text.exit_process
                0x00000000000060de       0x96 contiki-sky.a(process.o)
 .text.do_poll  0x0000000000006174       0x30 contiki-sky.a(process.o)
 .text.process_alloc_event
                0x00000000000061a4        0xe contiki-sky.a(process.o)
                0x00000000000061a4                process_alloc_event
 .text.process_init
                0x00000000000061b2       0x1c contiki-sky.a(process.o)
                0x00000000000061b2                process_init
 .text.process_run
                0x00000000000061ce       0x92 contiki-sky.a(process.o)
                0x00000000000061ce                process_run
 .text.process_nevents
                0x0000000000006260        0xe contiki-sky.a(process.o)
                0x0000000000006260                process_nevents
 .text.process_post
                0x000000000000626e       0x4e contiki-sky.a(process.o)
                0x000000000000626e                process_post
 .text.process_post_synch
                0x00000000000062bc       0x12 contiki-sky.a(process.o)
                0x00000000000062bc                process_post_synch
 .text.process_start
                0x00000000000062ce       0x32 contiki-sky.a(process.o)
                0x00000000000062ce                process_start
 .text.process_poll
                0x0000000000006300       0x18 contiki-sky.a(process.o)
                0x0000000000006300                process_poll
 .text.rtimer_init
                0x0000000000006318        0x6 contiki-sky.a(rtimer.o)
                0x0000000000006318                rtimer_init
 .text.rtimer_run_next
                0x000000000000631e       0x26 contiki-sky.a(rtimer.o)
                0x000000000000631e                rtimer_run_next
 .text.timer_set
                0x0000000000006344       0x1c contiki-sky.a(timer.o)
                0x0000000000006344                timer_set
 .text.timer_reset
                0x0000000000006360        0xe contiki-sky.a(timer.o)
                0x0000000000006360                timer_reset
 .text.timer_expired
                0x000000000000636e       0x2a contiki-sky.a(timer.o)
                0x000000000000636e                timer_expired
 .text.process_thread_serial_line_process
                0x0000000000006398       0x9c contiki-sky.a(serial-line.o)
 .text.serial_line_input_byte
                0x0000000000006434       0x4a contiki-sky.a(serial-line.o)
                0x0000000000006434                serial_line_input_byte
 .text.serial_line_init
                0x000000000000647e       0x1c contiki-sky.a(serial-line.o)
                0x000000000000647e                serial_line_init
 .text.list_init
                0x000000000000649a        0x6 contiki-sky.a(list.o)
                0x000000000000649a                list_init
 .text.list_head
                0x00000000000064a0        0x4 contiki-sky.a(list.o)
                0x00000000000064a0                list_head
 .text.list_tail
                0x00000000000064a4       0x12 contiki-sky.a(list.o)
                0x00000000000064a4                list_tail
 .text.list_remove
                0x00000000000064b6       0x34 contiki-sky.a(list.o)
                0x00000000000064b6                list_remove
 .text.list_push
                0x00000000000064ea       0x1a contiki-sky.a(list.o)
                0x00000000000064ea                list_push
 .text.list_add
                0x0000000000006504       0x2a contiki-sky.a(list.o)
                0x0000000000006504                list_add
 .text.list_length
                0x000000000000652e       0x10 contiki-sky.a(list.o)
                0x000000000000652e                list_length
 .text.list_item_next
                0x000000000000653e        0xc contiki-sky.a(list.o)
                0x000000000000653e                list_item_next
 .text.random_init
                0x000000000000654a        0x6 contiki-sky.a(random.o)
                0x000000000000654a                random_init
 .text.random_rand
                0x0000000000006550        0x6 contiki-sky.a(random.o)
                0x0000000000006550                random_rand
 .text.ringbuf_init
                0x0000000000006556       0x14 contiki-sky.a(ringbuf.o)
                0x0000000000006556                ringbuf_init
 .text.ringbuf_put
                0x000000000000656a       0x38 contiki-sky.a(ringbuf.o)
                0x000000000000656a                ringbuf_put
 .text.ringbuf_get
                0x00000000000065a2       0x34 contiki-sky.a(ringbuf.o)
                0x00000000000065a2                ringbuf_get
 .text.input    0x00000000000065d6       0x3a contiki-sky.a(rime.o)
 .text.init     0x0000000000006610       0x2e contiki-sky.a(rime.o)
 .text.packet_sent
                0x000000000000663e       0x44 contiki-sky.a(rime.o)
 .text.rime_output
                0x0000000000006682       0x24 contiki-sky.a(rime.o)
                0x0000000000006682                rime_output
 .text.adv_packet_sent
                0x00000000000066a6        0x2 contiki-sky.a(broadcast-annou)
 .text.adv_packet_received
                0x00000000000066a8       0x66 contiki-sky.a(broadcast-annou)
 .text.set_timers
                0x000000000000670e       0x4a contiki-sky.a(broadcast-annou)
 .text.send_timer
                0x0000000000006758       0x36 contiki-sky.a(broadcast-annou)
 .text.new_announcement
                0x000000000000678e       0x18 contiki-sky.a(broadcast-annou)
 .text.send_adv
                0x00000000000067a6       0x66 contiki-sky.a(broadcast-annou)
 .text.broadcast_announcement_init
                0x000000000000680c       0x48 contiki-sky.a(broadcast-annou)
                0x000000000000680c                broadcast_announcement_init
 .text.abc_open
                0x0000000000006854       0x26 contiki-sky.a(abc.o)
                0x0000000000006854                abc_open
 .text.abc_send
                0x000000000000687a        0x6 contiki-sky.a(abc.o)
                0x000000000000687a                abc_send
 .text.abc_input
                0x0000000000006880        0xe contiki-sky.a(abc.o)
                0x0000000000006880                abc_input
 .text.abc_sent
                0x000000000000688e       0x10 contiki-sky.a(abc.o)
                0x000000000000688e                abc_sent
 .text.chameleon_init
                0x000000000000689e        0x6 contiki-sky.a(chameleon.o)
                0x000000000000689e                chameleon_init
 .text.chameleon_parse
                0x00000000000068a4       0x10 contiki-sky.a(chameleon.o)
                0x00000000000068a4                chameleon_parse
 .text.chameleon_create
                0x00000000000068b4       0x1c contiki-sky.a(chameleon.o)
                0x00000000000068b4                chameleon_create
 .text.chameleon_hdrsize
                0x00000000000068d0        0x6 contiki-sky.a(chameleon.o)
                0x00000000000068d0                chameleon_hdrsize
 .text.channel_init
                0x00000000000068d6        0xa contiki-sky.a(channel.o)
                0x00000000000068d6                channel_init
 .text.channel_open
                0x00000000000068e0       0x10 contiki-sky.a(channel.o)
                0x00000000000068e0                channel_open
 .text.channel_lookup
                0x00000000000068f0       0x20 contiki-sky.a(channel.o)
                0x00000000000068f0                channel_lookup
 .text.channel_set_attributes
                0x0000000000006910       0x24 contiki-sky.a(channel.o)
                0x0000000000006910                channel_set_attributes
 .text.sent_by_abc
                0x0000000000006934       0x10 contiki-sky.a(broadcast.o)
 .text.recv_from_abc
                0x0000000000006944       0x26 contiki-sky.a(broadcast.o)
 .text.broadcast_open
                0x000000000000696a       0x2a contiki-sky.a(broadcast.o)
                0x000000000000696a                broadcast_open
 .text.broadcast_send
                0x0000000000006994       0x1a contiki-sky.a(broadcast.o)
                0x0000000000006994                broadcast_send
 .text.announcement_init
                0x00000000000069ae        0xa contiki-sky.a(announcement.o)
                0x00000000000069ae                announcement_init
 .text.announcement_register_observer_callback
                0x00000000000069b8        0x6 contiki-sky.a(announcement.o)
                0x00000000000069b8                announcement_register_observer_callback
 .text.announcement_list
                0x00000000000069be        0xa contiki-sky.a(announcement.o)
                0x00000000000069be                announcement_list
 .text.announcement_heard
                0x00000000000069c8       0x42 contiki-sky.a(announcement.o)
                0x00000000000069c8                announcement_heard
 .text.input_packet
                0x0000000000006a0a        0x6 contiki-sky.a(csma.o)
 .text.on       0x0000000000006a10        0x6 contiki-sky.a(csma.o)
 .text.off      0x0000000000006a16        0x6 contiki-sky.a(csma.o)
 .text.channel_check_interval
                0x0000000000006a1c       0x10 contiki-sky.a(csma.o)
 .text.transmit_packet_list
                0x0000000000006a2c       0x24 contiki-sky.a(csma.o)
 .text.schedule_transmission
                0x0000000000006a50       0x94 contiki-sky.a(csma.o)
 .text.send_packet
                0x0000000000006ae4      0x170 contiki-sky.a(csma.o)
 .text.init     0x0000000000006c54       0x1a contiki-sky.a(csma.o)
 .text.tx_done  0x0000000000006c6e       0x98 contiki-sky.a(csma.o)
 .text.packet_sent
                0x0000000000006d06       0xd2 contiki-sky.a(csma.o)
 .text.mac_call_sent_callback
                0x0000000000006dd8       0x14 contiki-sky.a(mac.o)
                0x0000000000006dd8                mac_call_sent_callback
 .text.on       0x0000000000006dec        0x6 contiki-sky.a(nullrdc.o)
 .text.channel_check_interval
                0x0000000000006df2        0x4 contiki-sky.a(nullrdc.o)
 .text.init     0x0000000000006df6        0x6 contiki-sky.a(nullrdc.o)
 .text.send_one_packet
                0x0000000000006dfc       0x6a contiki-sky.a(nullrdc.o)
 .text.send_list
                0x0000000000006e66       0x30 contiki-sky.a(nullrdc.o)
 .text.send_packet
                0x0000000000006e96        0x6 contiki-sky.a(nullrdc.o)
 .text.off      0x0000000000006e9c       0x10 contiki-sky.a(nullrdc.o)
 .text.packet_input
                0x0000000000006eac       0x26 contiki-sky.a(nullrdc.o)
 .text.queuebuf_init
                0x0000000000006ed2       0x12 contiki-sky.a(queuebuf.o)
                0x0000000000006ed2                queuebuf_init
 .text.queuebuf_new_from_packetbuf
                0x0000000000006ee4       0x52 contiki-sky.a(queuebuf.o)
                0x0000000000006ee4                queuebuf_new_from_packetbuf
 .text.queuebuf_update_attr_from_packetbuf
                0x0000000000006f36       0x12 contiki-sky.a(queuebuf.o)
                0x0000000000006f36                queuebuf_update_attr_from_packetbuf
 .text.queuebuf_free
                0x0000000000006f48       0x2a contiki-sky.a(queuebuf.o)
                0x0000000000006f48                queuebuf_free
 .text.queuebuf_to_packetbuf
                0x0000000000006f72       0x32 contiki-sky.a(queuebuf.o)
                0x0000000000006f72                queuebuf_to_packetbuf
 .text.queuebuf_attr
                0x0000000000006fa4        0xe contiki-sky.a(queuebuf.o)
                0x0000000000006fa4                queuebuf_attr
 .text.packetbuf_hdrreduce
                0x0000000000006fb2       0x1a contiki-sky.a(packetbuf.o)
                0x0000000000006fb2                packetbuf_hdrreduce
 .text.packetbuf_set_datalen
                0x0000000000006fcc        0x6 contiki-sky.a(packetbuf.o)
                0x0000000000006fcc                packetbuf_set_datalen
 .text.packetbuf_hdrptr
                0x0000000000006fd2        0x6 contiki-sky.a(packetbuf.o)
                0x0000000000006fd2                packetbuf_hdrptr
 .text.packetbuf_datalen
                0x0000000000006fd8        0x6 contiki-sky.a(packetbuf.o)
                0x0000000000006fd8                packetbuf_datalen
 .text.packetbuf_hdrlen
                0x0000000000006fde        0xa contiki-sky.a(packetbuf.o)
                0x0000000000006fde                packetbuf_hdrlen
 .text.packetbuf_dataptr
                0x0000000000006fe8        0xc contiki-sky.a(packetbuf.o)
                0x0000000000006fe8                packetbuf_dataptr
 .text.packetbuf_copyto
                0x0000000000006ff4       0x46 contiki-sky.a(packetbuf.o)
                0x0000000000006ff4                packetbuf_copyto
 .text.packetbuf_compact
                0x000000000000703a       0x36 contiki-sky.a(packetbuf.o)
                0x000000000000703a                packetbuf_compact
 .text.packetbuf_totlen
                0x0000000000007070        0xc contiki-sky.a(packetbuf.o)
                0x0000000000007070                packetbuf_totlen
 .text.packetbuf_hdralloc
                0x000000000000707c       0x3a contiki-sky.a(packetbuf.o)
                0x000000000000707c                packetbuf_hdralloc
 .text.packetbuf_attr_clear
                0x00000000000070b6       0x2c contiki-sky.a(packetbuf.o)
                0x00000000000070b6                packetbuf_attr_clear
 .text.packetbuf_clear
                0x00000000000070e2       0x12 contiki-sky.a(packetbuf.o)
                0x00000000000070e2                packetbuf_clear
 .text.packetbuf_copyfrom
                0x00000000000070f4       0x2e contiki-sky.a(packetbuf.o)
                0x00000000000070f4                packetbuf_copyfrom
 .text.packetbuf_attr_copyto
                0x0000000000007122       0x20 contiki-sky.a(packetbuf.o)
                0x0000000000007122                packetbuf_attr_copyto
 .text.packetbuf_attr_copyfrom
                0x0000000000007142       0x22 contiki-sky.a(packetbuf.o)
                0x0000000000007142                packetbuf_attr_copyfrom
 .text.packetbuf_holds_broadcast
                0x0000000000007164        0xe contiki-sky.a(packetbuf.o)
                0x0000000000007164                packetbuf_holds_broadcast
 .text.linkaddr_copy
                0x0000000000007172        0xc contiki-sky.a(linkaddr.o)
                0x0000000000007172                linkaddr_copy
 .text.linkaddr_cmp
                0x000000000000717e       0x12 contiki-sky.a(linkaddr.o)
                0x000000000000717e                linkaddr_cmp
 .text.linkaddr_set_node_addr
                0x0000000000007190        0xc contiki-sky.a(linkaddr.o)
                0x0000000000007190                linkaddr_set_node_addr
 .text.hdr_length
                0x000000000000719c        0x8 contiki-sky.a(contikimac-fram)
 .text.parse    0x00000000000071a4       0x3a contiki-sky.a(contikimac-fram)
 .text.create   0x00000000000071de       0x74 contiki-sky.a(contikimac-fram)
 .text.init     0x0000000000007252        0x2 contiki-sky.a(nullsec.o)
 .text.send     0x0000000000007254        0xa contiki-sky.a(nullsec.o)
 .text.input    0x000000000000725e        0x6 contiki-sky.a(nullsec.o)
 .text.spi_init
                0x0000000000007264       0x32 contiki-sky.a(spi.o)
                0x0000000000007264                spi_init
 .text.memb_init
                0x0000000000007296       0x36 contiki-sky.a(memb.o)
                0x0000000000007296                memb_init
 .text.memb_alloc
                0x00000000000072cc       0x3e contiki-sky.a(memb.o)
                0x00000000000072cc                memb_alloc
 .text.memb_free
                0x000000000000730a       0x3a contiki-sky.a(memb.o)
                0x000000000000730a                memb_free
 .text.memb_inmemb
                0x0000000000007344       0x2e contiki-sky.a(memb.o)
                0x0000000000007344                memb_inmemb
 .text.get_bits_in_byte
                0x0000000000007372       0x3a contiki-sky.a(chameleon-bitop)
 .text.header_size
                0x00000000000073ac       0x16 contiki-sky.a(chameleon-bitop)
 .text.get_bits
                0x00000000000073c2       0xa4 contiki-sky.a(chameleon-bitop)
                0x00000000000073c2                get_bits
 .text.unpack_header
                0x0000000000007466       0xdc contiki-sky.a(chameleon-bitop)
 .text.set_bits
                0x0000000000007542      0x116 contiki-sky.a(chameleon-bitop)
                0x0000000000007542                set_bits
 .text.pack_header
                0x0000000000007658       0xc4 contiki-sky.a(chameleon-bitop)
 .text.parse    0x000000000000771c       0xb0 contiki-sky.a(framer-802154.o)
 .text.create_frame.isra.0
                0x00000000000077cc      0x114 contiki-sky.a(framer-802154.o)
 .text.create   0x00000000000078e0        0x8 contiki-sky.a(framer-802154.o)
 .text.hdr_length
                0x00000000000078e8        0x8 contiki-sky.a(framer-802154.o)
 .text.frame802154_get_pan_id
                0x00000000000078f0        0x6 contiki-sky.a(frame802154.o)
                0x00000000000078f0                frame802154_get_pan_id
 .text.frame802154_has_panid
                0x00000000000078f6       0xdc contiki-sky.a(frame802154.o)
                0x00000000000078f6                frame802154_has_panid
 .text.field_len
                0x00000000000079d2       0xb2 contiki-sky.a(frame802154.o)
 .text.frame802154_is_broadcast_addr
                0x0000000000007a84       0x24 contiki-sky.a(frame802154.o)
                0x0000000000007a84                frame802154_is_broadcast_addr
 .text.frame802154_hdrlen
                0x0000000000007aa8       0x32 contiki-sky.a(frame802154.o)
                0x0000000000007aa8                frame802154_hdrlen
 .text.frame802154_create_fcf
                0x0000000000007ada       0x96 contiki-sky.a(frame802154.o)
                0x0000000000007ada                frame802154_create_fcf
 .text.frame802154_create
                0x0000000000007b70       0xe4 contiki-sky.a(frame802154.o)
                0x0000000000007b70                frame802154_create
 .text.frame802154_parse_fcf
                0x0000000000007c54       0xbe contiki-sky.a(frame802154.o)
                0x0000000000007c54                frame802154_parse_fcf
 .text.frame802154_parse
                0x0000000000007d12      0x18c contiki-sky.a(frame802154.o)
                0x0000000000007d12                frame802154_parse
 .text.libgcc   0x0000000000007e9e       0x2c /usr/lib/gcc/msp430/4.6.3/mmpy-16/libgcc.a(_mulsi3.o)
                0x0000000000007e9e                __mulsi3
 .text.libgcc   0x0000000000007eca       0x22 /usr/lib/gcc/msp430/4.6.3/mmpy-16/libgcc.a(_udivmod16.o)
                0x0000000000007eca                __udivhi3
                0x0000000000007eca                __ext_udivmod16
                0x0000000000007ee4                __umodhi3
 .text.libgcc   0x0000000000007eec       0x40 /usr/lib/gcc/msp430/4.6.3/mmpy-16/libgcc.a(_udivmod32.o)
                0x0000000000007eec                __udivsi3
                0x0000000000007eec                __ext_udivmod32
                0x0000000000007f22                __umodsi3
 .text          0x0000000000007f2c       0x20 /usr/lib/gcc/msp430/4.6.3/../../../../msp430/lib/mmpy-16/libc.a(memcmp.o)
                0x0000000000007f2c                memcmp
 .text          0x0000000000007f4c       0xfa /usr/lib/gcc/msp430/4.6.3/../../../../msp430/lib/mmpy-16/libc.a(memcpy.o)
                0x0000000000007f4c                memcpy
 .text          0x0000000000008046       0x6a /usr/lib/gcc/msp430/4.6.3/../../../../msp430/lib/mmpy-16/libc.a(memset.o)
                0x0000000000008046                memset
 .text          0x00000000000080b0      0x114 /usr/lib/gcc/msp430/4.6.3/../../../../msp430/lib/mmpy-16/libc.a(malloc.o)
                0x00000000000080b0                malloc
                0x00000000000081bc                free
 .text          0x00000000000081c4       0x1e /usr/lib/gcc/msp430/4.6.3/../../../../msp430/lib/mmpy-16/libc.a(printf.o)
                0x00000000000081c4                printf
                0x00000000000081d4                vprintf
 .text          0x00000000000081e2       0xbc /usr/lib/gcc/msp430/4.6.3/../../../../msp430/lib/mmpy-16/libc.a(sprintf.o)
                0x0000000000008240                sprintf
                0x000000000000825c                snprintf
                0x0000000000008276                vsprintf
                0x000000000000828c                vsnprintf
 .text          0x000000000000829e      0x836 /usr/lib/gcc/msp430/4.6.3/../../../../msp430/lib/mmpy-16/libc.a(vuprintf.o)
                0x0000000000008436                vuprintf
 .text          0x0000000000008ad4       0x2c /usr/lib/gcc/msp430/4.6.3/../../../../msp430/lib/mmpy-16/libc.a(puts.o)
                0x0000000000008ad4                puts
 .text          0x0000000000008b00       0x54 /usr/lib/gcc/msp430/4.6.3/../../../../msp430/lib/mmpy-16/libc.a(rand.o)
                0x0000000000008b00                rand_r
                0x0000000000008b24                rand
                0x0000000000008b4a                srand
 .text.libgcc   0x0000000000008b54       0xf0 /usr/lib/gcc/msp430/4.6.3/mmpy-16/libgcc.a(_udivmod64.o)
                0x0000000000008b54                __xabi_udivmod64
                0x0000000000008bb2                __udivdi3
                0x0000000000008bd8                __umoddi3
                0x0000000000008c06                __udivmoddi4
 .text.crt0     0x0000000000008c44        0x2 /usr/lib/gcc/msp430/4.6.3/mmpy-16/libcrt0.a(_unexpected_.o)
                0x0000000000008c44                _unexpected_
                0x0000000000008c46                . = ALIGN (0x2)

.rodata         0x0000000000008c46      0x27c
                0x0000000000008c46                . = ALIGN (0x2)
 *(.rodata .rodata.* .gnu.linkonce.r.*)
 .rodata        0x0000000000008c46       0x64 node.co
                0x0000000000008c90                autostart_processes
 .rodata        0x0000000000008caa       0xe7 obj_sky/contiki-sky-main.o
 *fill*         0x0000000000008d91        0x1 00
 .rodata        0x0000000000008d92       0x10 contiki-sky.a(button-sensor.o)
                0x0000000000008d9a                button_sensor
 .rodata        0x0000000000008da2        0x8 contiki-sky.a(sensors.o)
 .rodata        0x0000000000008daa       0x70 contiki-sky.a(cc2420.o)
                0x0000000000008ddc                cc2420_aes_128_driver
                0x0000000000008de0                cc2420_driver
 .rodata        0x0000000000008e1a        0xf contiki-sky.a(ctimer.o)
 .rodata        0x0000000000008e29        0xc contiki-sky.a(etimer.o)
 .rodata        0x0000000000008e35        0xe contiki-sky.a(serial-line.o)
 *fill*         0x0000000000008e43        0x1 00
 .rodata        0x0000000000008e44        0xc contiki-sky.a(rime.o)
                0x0000000000008e4a                rime_driver
 .rodata        0x0000000000008e50        0x4 contiki-sky.a(broadcast-annou)
 .rodata        0x0000000000008e54        0x2 contiki-sky.a(abc.o)
 .rodata        0x0000000000008e56        0x8 contiki-sky.a(broadcast.o)
 .rodata        0x0000000000008e5e       0x14 contiki-sky.a(csma.o)
                0x0000000000008e64                csma_driver
 .rodata        0x0000000000008e72       0x18 contiki-sky.a(nullrdc.o)
                0x0000000000008e7a                nullrdc_driver
 .rodata        0x0000000000008e8a        0x2 contiki-sky.a(linkaddr.o)
                0x0000000000008e8a                linkaddr_null
 .rodata        0x0000000000008e8c        0x6 contiki-sky.a(contikimac-fram)
                0x0000000000008e8c                contikimac_framer
 .rodata        0x0000000000008e92       0x10 contiki-sky.a(nullsec.o)
                0x0000000000008e9a                nullsec_driver
 .rodata        0x0000000000008ea2       0x10 contiki-sky.a(chameleon-bitop)
                0x0000000000008ea2                chameleon_bitopt
 .rodata        0x0000000000008eb2        0x6 contiki-sky.a(framer-802154.o)
                0x0000000000008eb2                framer_802154
 .rodata        0x0000000000008eb8        0x2 contiki-sky.a(frame802154.o)
 .rodata        0x0000000000008eba        0x7 /usr/lib/gcc/msp430/4.6.3/../../../../msp430/lib/mmpy-16/libc.a(vuprintf.o)
                0x0000000000008ec2                . = ALIGN (0x2)
 *fill*         0x0000000000008ec1        0x1 00
                0x0000000000008ec2                _etext = .

.data           0x0000000000001100       0x72 load address 0x0000000000008ec2
                0x0000000000001100                . = ALIGN (0x2)
                0x0000000000001100                PROVIDE (__data_start, .)
 *(.data .data.* .gnu.linkonce.d.*)
 .data          0x0000000000001100        0xa node.co
                0x0000000000001100                broadcast_process
 .data          0x000000000000110a        0x4 contiki-sky.a(contiki-sky-pla)
                0x000000000000110a                sensors
 .data          0x000000000000110e        0xa contiki-sky.a(sensors.o)
                0x000000000000110e                sensors_process
 .data          0x0000000000001118        0xc contiki-sky.a(cc2420.o)
                0x0000000000001118                cc2420_process
 .data          0x0000000000001124        0x2 contiki-sky.a(msp430.o)
 .data          0x0000000000001126        0xa contiki-sky.a(ctimer.o)
                0x0000000000001126                ctimer_process
 .data          0x0000000000001130        0xa contiki-sky.a(etimer.o)
                0x0000000000001130                etimer_process
 .data          0x000000000000113a        0xa contiki-sky.a(serial-line.o)
                0x000000000000113a                serial_line_process
 .data          0x0000000000001144       0x18 contiki-sky.a(csma.o)
 .data          0x000000000000115c       0x10 contiki-sky.a(queuebuf.o)
 .data          0x000000000000116c        0x2 contiki-sky.a(frame802154.o)
 .data          0x000000000000116e        0x4 /usr/lib/gcc/msp430/4.6.3/../../../../msp430/lib/mmpy-16/libc.a(rand.o)
                0x0000000000001172                . = ALIGN (0x2)
                0x0000000000001172                _edata = .
                0x0000000000008ec2                PROVIDE (__data_load_start, LOADADDR (.data))
                0x0000000000000072                PROVIDE (__data_size, SIZEOF (.data))

.bss            0x0000000000001172     0x1114 load address 0x0000000000008f34
                0x0000000000001172                PROVIDE (__bss_start, .)
 *(.bss .bss.*)
 .bss           0x0000000000001172       0x22 node.co
 .bss           0x0000000000001194        0xc obj_sky/contiki-sky-main.o
 .bss           0x00000000000011a0        0x8 contiki-sky.a(button-sensor.o)
 .bss           0x00000000000011a8        0x2 contiki-sky.a(node-id.o)
                0x00000000000011a8                node_id
 .bss           0x00000000000011aa        0x6 contiki-sky.a(sensors.o)
 .bss           0x00000000000011b0        0xa contiki-sky.a(cc2420.o)
 .bss           0x00000000000011ba       0x9a contiki-sky.a(uart1.o)
 .bss           0x0000000000001254        0xa contiki-sky.a(clock.o)
 .bss           0x000000000000125e        0x1 contiki-sky.a(leds.o)
 *fill*         0x000000000000125f        0x1 00
 .bss           0x0000000000001260        0x2 contiki-sky.a(watchdog.o)
 .bss           0x0000000000001262        0x4 contiki-sky.a(ctimer.o)
 .bss           0x0000000000001266        0x6 contiki-sky.a(etimer.o)
 .bss           0x000000000000126c       0x38 contiki-sky.a(process.o)
                0x000000000000126c                process_current
                0x000000000000126e                process_list
 .bss           0x00000000000012a4        0x2 contiki-sky.a(rtimer.o)
 .bss           0x00000000000012a6      0x10a contiki-sky.a(serial-line.o)
 .bss           0x00000000000013b0        0x2 contiki-sky.a(rime.o)
 .bss           0x00000000000013b2       0x46 contiki-sky.a(broadcast-annou)
 .bss           0x00000000000013f8        0x2 contiki-sky.a(channel.o)
 .bss           0x00000000000013fa        0x6 contiki-sky.a(announcement.o)
 .bss           0x0000000000001400      0x124 contiki-sky.a(csma.o)
 .bss           0x0000000000001524      0xc20 contiki-sky.a(queuebuf.o)
 .bss           0x0000000000002144       0x86 contiki-sky.a(packetbuf.o)
 .bss           0x00000000000021ca        0x2 contiki-sky.a(framer-802154.o)
 .bss           0x00000000000021cc        0x1 /usr/lib/gcc/msp430/4.6.3/../../../../msp430/lib/mmpy-16/libc.a(malloc.o)
 *fill*         0x00000000000021cd        0x1 00
 .bss           0x00000000000021ce        0x4 /usr/lib/gcc/msp430/4.6.3/../../../../msp430/lib/mmpy-16/libc.a(sprintf.o)
 *(COMMON)
 COMMON         0x00000000000021d2        0x2 contiki-sky.a(contiki-sky-pla)
                0x00000000000021d2                sensors_flags
 COMMON         0x00000000000021d4        0x8 contiki-sky.a(ds2411.o)
                0x00000000000021d4                ds2411_id
 COMMON         0x00000000000021dc        0x1 contiki-sky.a(sensors.o)
                0x00000000000021dc                sensors_event
 *fill*         0x00000000000021dd        0x1 00
 COMMON         0x00000000000021de       0x10 contiki-sky.a(cc2420.o)
                0x00000000000021de                cc2420_last_rssi
                0x00000000000021e0                cc2420_sfd_start_time
                0x00000000000021e2                cc2420_time_of_departure
                0x00000000000021e4                cc2420_time_of_arrival
                0x00000000000021e6                cc2420_last_correlation
                0x00000000000021e8                cc2420_authority_level_of_sender
                0x00000000000021ea                cc2420_sfd_counter
                0x00000000000021ec                cc2420_sfd_end_time
 COMMON         0x00000000000021ee        0x2 contiki-sky.a(msp430.o)
                0x00000000000021ee                msp430_dco_required
 COMMON         0x00000000000021f0       0x56 contiki-sky.a(energest.o)
                0x00000000000021f0                energest_total_time
                0x0000000000002220                energest_total_count
                0x0000000000002222                energest_current_mode
                0x000000000000222e                energest_current_time
 COMMON         0x0000000000002246        0x1 contiki-sky.a(process.o)
                0x0000000000002246                process_maxevents
 COMMON         0x0000000000002247        0x1 contiki-sky.a(serial-line.o)
                0x0000000000002247                serial_line_event_message
 COMMON         0x0000000000002248       0x3c contiki-sky.a(packetbuf.o)
                0x0000000000002248                packetbuf_addrs
                0x0000000000002250                packetbuf_attrs
 COMMON         0x0000000000002284        0x2 contiki-sky.a(linkaddr.o)
                0x0000000000002284                linkaddr_node_addr
                0x0000000000002286                . = ALIGN (0x2)
                0x0000000000002286                PROVIDE (__bss_end, .)
                0x0000000000001114                PROVIDE (__bss_size, SIZEOF (.bss))

.noinit         0x0000000000002286        0x2 load address 0x0000000000008f34
                0x0000000000002286                PROVIDE (__noinit_start, .)
 *(.noinit .noinit.*)
 .noinit.crt0   0x0000000000002286        0x2 /usr/lib/gcc/msp430/4.6.3/mmpy-16/libcrt0.a(__watchdog_support.o)
                0x0000000000002286                __wdt_clear_value
                0x0000000000002288                . = ALIGN (0x2)
                0x0000000000002288                PROVIDE (__noinit_end, .)
                0x0000000000002288                . = ALIGN (0x2)
                0x0000000000002288                _end = .

.infomem        0x0000000000001000        0x0
 *(.infomem)
                0x0000000000001000                . = ALIGN (0x2)
 *(.infomem.*)

.infomemnobits  0x0000000000001000        0x0
 *(.infomemnobits)
                0x0000000000001000                . = ALIGN (0x2)
 *(.infomemnobits.*)

.infoa
 *(.infoa .infoa.*)

.infob
 *(.infob .infob.*)

.infoc
 *(.infoc .infoc.*)

.infod
 *(.infod .infod.*)

.vectors        0x000000000000ffe0       0x20
                0x000000000000ffe0                PROVIDE (__vectors_start, .)
 *(.vectors*)
 .vectors       0x000000000000ffe0       0x20 /usr/lib/gcc/msp430/4.6.3/mmpy-16/crt0ivtbl16.o
                0x000000000000ffe0                __ivtbl_16
                0x0000000000010000                _vectors_end = .

.fartext        0x0000000000000000        0x0
                0x0000000000000000                . = ALIGN (0x2)
 *(.fartext)
                0x0000000000000000                . = ALIGN (0x2)
 *(.fartext.*)
                0x0000000000000000                _efartext = .

.profiler
 *(.profiler)

.stab           0x0000000000000000    0x181c8
 *(.stab)
 .stab          0x0000000000000000     0x13bc node.co
 .stab          0x00000000000013bc      0xf30 obj_sky/contiki-sky-main.o
                                       0x17a0 (size before relaxing)
 .stab          0x00000000000022ec      0x258 contiki-sky.a(contiki-sky-pla)
                                        0x5b8 (size before relaxing)
 .stab          0x0000000000002544      0x468 contiki-sky.a(button-sensor.o)
                                        0x7d4 (size before relaxing)
 .stab          0x00000000000029ac      0x624 contiki-sky.a(ds2411.o)
                                        0xb40 (size before relaxing)
 .stab          0x0000000000002fd0      0xbac contiki-sky.a(xmem.o)
                                        0xf60 (size before relaxing)
 .stab          0x0000000000003b7c      0x2b8 contiki-sky.a(node-id.o)
                                        0x4e0 (size before relaxing)
 .stab          0x0000000000003e34      0x654 contiki-sky.a(sensors.o)
                                        0xb70 (size before relaxing)
 .stab          0x0000000000004488     0x2904 contiki-sky.a(cc2420.o)
                                       0x3030 (size before relaxing)
 .stab          0x0000000000006d8c      0xb4c contiki-sky.a(cc2420-arch.o)
                                       0x13f8 (size before relaxing)
 .stab          0x00000000000078d8      0x60c contiki-sky.a(uart1.o)
                                        0x960 (size before relaxing)
 .stab          0x0000000000007ee4      0x234 contiki-sky.a(uart1-putchar.o)
                                        0x588 (size before relaxing)
 .stab          0x0000000000008118      0x744 contiki-sky.a(msp430.o)
                                        0xa98 (size before relaxing)
 .stab          0x000000000000885c      0x948 contiki-sky.a(clock.o)
                                        0xc9c (size before relaxing)
 .stab          0x00000000000091a4      0x5dc contiki-sky.a(leds.o)
                                        0x828 (size before relaxing)
 .stab          0x0000000000009780      0x3a8 contiki-sky.a(leds-arch.o)
                                        0x6fc (size before relaxing)
 .stab          0x0000000000009b28      0x3fc contiki-sky.a(watchdog.o)
                                        0x750 (size before relaxing)
 .stab          0x0000000000009f24      0x3cc contiki-sky.a(rtimer-arch.o)
                                        0x720 (size before relaxing)
 .stab          0x000000000000a2f0      0x294 contiki-sky.a(autostart.o)
                                        0x534 (size before relaxing)
 .stab          0x000000000000a584      0x474 contiki-sky.a(energest.o)
                                        0x6fc (size before relaxing)
 .stab          0x000000000000a9f8      0x858 contiki-sky.a(ctimer.o)
                                        0xbc4 (size before relaxing)
 .stab          0x000000000000b250      0xabc contiki-sky.a(etimer.o)
                                        0xd8c (size before relaxing)
 .stab          0x000000000000bd0c      0xba0 contiki-sky.a(process.o)
                                       0x1038 (size before relaxing)
 .stab          0x000000000000c8ac      0x3d8 contiki-sky.a(rtimer.o)
                                        0x6c0 (size before relaxing)
 .stab          0x000000000000cc84      0x354 contiki-sky.a(timer.o)
                                        0x594 (size before relaxing)
 .stab          0x000000000000cfd8      0x534 contiki-sky.a(serial-line.o)
                                        0xa50 (size before relaxing)
 .stab          0x000000000000d50c      0x7f8 contiki-sky.a(list.o)
                                        0x804 (size before relaxing)
 .stab          0x000000000000dd04      0x228 contiki-sky.a(random.o)
                                        0x624 (size before relaxing)
 .stab          0x000000000000df2c      0x3fc contiki-sky.a(ringbuf.o)
                                        0x63c (size before relaxing)
 .stab          0x000000000000e328      0x8e8 contiki-sky.a(rime.o)
                                       0x1410 (size before relaxing)
 .stab          0x000000000000ec10      0xc24 contiki-sky.a(broadcast-annou)
                                       0x15c0 (size before relaxing)
 .stab          0x000000000000f834      0x66c contiki-sky.a(abc.o)
                                       0x1494 (size before relaxing)
 .stab          0x000000000000fea0      0x5e8 contiki-sky.a(chameleon.o)
                                       0x123c (size before relaxing)
 .stab          0x0000000000010488      0x624 contiki-sky.a(channel.o)
                                       0x129c (size before relaxing)
 .stab          0x0000000000010aac      0x6d8 contiki-sky.a(broadcast.o)
                                       0x1500 (size before relaxing)
 .stab          0x0000000000011184      0x6e4 contiki-sky.a(announcement.o)
                                        0x984 (size before relaxing)
 .stab          0x0000000000011868      0xcf0 contiki-sky.a(csma.o)
                                       0x1680 (size before relaxing)
 .stab          0x0000000000012558      0x1f8 contiki-sky.a(mac.o)
                                        0x4ec (size before relaxing)
 .stab          0x0000000000012750      0x708 contiki-sky.a(nullrdc.o)
                                       0x1050 (size before relaxing)
 .stab          0x0000000000012e58      0xa5c contiki-sky.a(queuebuf.o)
                                       0x1884 (size before relaxing)
 .stab          0x00000000000138b4      0xc60 contiki-sky.a(packetbuf.o)
                                       0x1aa0 (size before relaxing)
 .stab          0x0000000000014514      0x2c4 contiki-sky.a(linkaddr.o)
                                        0x6c0 (size before relaxing)
 .stab          0x00000000000147d8      0x81c contiki-sky.a(contikimac-fram)
                                        0xe58 (size before relaxing)
 .stab          0x0000000000014ff4      0x3c0 contiki-sky.a(nullsec.o)
                                        0xcf0 (size before relaxing)
 .stab          0x00000000000153b4      0x204 contiki-sky.a(spi.o)
                                        0x42c (size before relaxing)
 .stab          0x00000000000155b8      0x5c4 contiki-sky.a(memb.o)
                                        0xaf8 (size before relaxing)
 .stab          0x0000000000015b7c      0xd80 contiki-sky.a(chameleon-bitop)
                                       0x19f8 (size before relaxing)
 .stab          0x00000000000168fc      0x6f0 contiki-sky.a(framer-802154.o)
                                        0xf30 (size before relaxing)
 .stab          0x0000000000016fec     0x11dc contiki-sky.a(frame802154.o)
                                       0x19c8 (size before relaxing)

.stabstr        0x0000000000000000    0x156b8
 *(.stabstr)
 .stabstr       0x0000000000000000    0x156b8 node.co

.stab.excl
 *(.stab.excl)

.stab.exclstr
 *(.stab.exclstr)

.stab.index
 *(.stab.index)

.stab.indexstr
 *(.stab.indexstr)

.comment
 *(.comment)

.debug
 *(.debug)

.line
 *(.line)

.debug_srcinfo
 *(.debug_srcinfo)

.debug_sfnames
 *(.debug_sfnames)

.debug_aranges  0x0000000000000000      0x190
 *(.debug_aranges)
 .debug_aranges
                0x0000000000000000       0x14 /usr/lib/gcc/msp430/4.6.3/mmpy-16/libgcc.a(_mulsi3.o)
 .debug_aranges
                0x0000000000000014       0x14 /usr/lib/gcc/msp430/4.6.3/mmpy-16/libgcc.a(_udivmod16.o)
 .debug_aranges
                0x0000000000000028       0x14 /usr/lib/gcc/msp430/4.6.3/mmpy-16/libgcc.a(_udivmod32.o)
 .debug_aranges
                0x000000000000003c       0x14 /usr/lib/gcc/msp430/4.6.3/../../../../msp430/lib/mmpy-16/libc.a(strncmp.o)
 .debug_aranges
                0x0000000000000050       0x14 /usr/lib/gcc/msp430/4.6.3/../../../../msp430/lib/mmpy-16/libc.a(memcmp.o)
 .debug_aranges
                0x0000000000000064       0x14 /usr/lib/gcc/msp430/4.6.3/../../../../msp430/lib/mmpy-16/libc.a(memcpy.o)
 .debug_aranges
                0x0000000000000078       0x14 /usr/lib/gcc/msp430/4.6.3/../../../../msp430/lib/mmpy-16/libc.a(memset.o)
 .debug_aranges
                0x000000000000008c       0x14 /usr/lib/gcc/msp430/4.6.3/../../../../msp430/lib/mmpy-16/libc.a(malloc.o)
 .debug_aranges
                0x00000000000000a0       0x14 /usr/lib/gcc/msp430/4.6.3/../../../../msp430/lib/mmpy-16/libc.a(printf.o)
 .debug_aranges
                0x00000000000000b4       0x14 /usr/lib/gcc/msp430/4.6.3/../../../../msp430/lib/mmpy-16/libc.a(sprintf.o)
 .debug_aranges
                0x00000000000000c8       0x14 /usr/lib/gcc/msp430/4.6.3/../../../../msp430/lib/mmpy-16/libc.a(vuprintf.o)
 .debug_aranges
                0x00000000000000dc       0x14 /usr/lib/gcc/msp430/4.6.3/../../../../msp430/lib/mmpy-16/libc.a(puts.o)
 .debug_aranges
                0x00000000000000f0       0x14 /usr/lib/gcc/msp430/4.6.3/../../../../msp430/lib/mmpy-16/libc.a(rand.o)
 .debug_aranges
                0x0000000000000104       0x14 /usr/lib/gcc/msp430/4.6.3/mmpy-16/libgcc.a(_udivmod64.o)
 .debug_aranges
                0x0000000000000118       0x14 /usr/lib/gcc/msp430/4.6.3/mmpy-16/libcrt0.a(__watchdog_support.o)
 .debug_aranges
                0x000000000000012c       0x14 /usr/lib/gcc/msp430/4.6.3/mmpy-16/libcrt0.a(__init_stack.o)
 .debug_aranges
                0x0000000000000140       0x14 /usr/lib/gcc/msp430/4.6.3/mmpy-16/libcrt0.a(_copy_data.o)
 .debug_aranges
                0x0000000000000154       0x14 /usr/lib/gcc/msp430/4.6.3/mmpy-16/libcrt0.a(_clear_bss.o)
 .debug_aranges
                0x0000000000000168       0x14 /usr/lib/gcc/msp430/4.6.3/mmpy-16/libcrt0.a(_endless_loop__.o)
 .debug_aranges
                0x000000000000017c       0x14 /usr/lib/gcc/msp430/4.6.3/mmpy-16/libcrt0.a(_unexpected_.o)

.debug_pubnames
 *(.debug_pubnames)

.debug_info     0x0000000000000000     0x183f
 *(.debug_info)
 .debug_info    0x0000000000000000       0xec /usr/lib/gcc/msp430/4.6.3/mmpy-16/libgcc.a(_mulsi3.o)
 .debug_info    0x00000000000000ec       0xec /usr/lib/gcc/msp430/4.6.3/mmpy-16/libgcc.a(_udivmod16.o)
 .debug_info    0x00000000000001d8       0xec /usr/lib/gcc/msp430/4.6.3/mmpy-16/libgcc.a(_udivmod32.o)
 .debug_info    0x00000000000002c4       0xbb /usr/lib/gcc/msp430/4.6.3/../../../../msp430/lib/mmpy-16/libc.a(strncmp.o)
 .debug_info    0x000000000000037f       0xe8 /usr/lib/gcc/msp430/4.6.3/../../../../msp430/lib/mmpy-16/libc.a(memcmp.o)
 .debug_info    0x0000000000000467      0x113 /usr/lib/gcc/msp430/4.6.3/../../../../msp430/lib/mmpy-16/libc.a(memcpy.o)
 .debug_info    0x000000000000057a       0xfe /usr/lib/gcc/msp430/4.6.3/../../../../msp430/lib/mmpy-16/libc.a(memset.o)
 .debug_info    0x0000000000000678      0x151 /usr/lib/gcc/msp430/4.6.3/../../../../msp430/lib/mmpy-16/libc.a(malloc.o)
 .debug_info    0x00000000000007c9      0x105 /usr/lib/gcc/msp430/4.6.3/../../../../msp430/lib/mmpy-16/libc.a(printf.o)
 .debug_info    0x00000000000008ce      0x277 /usr/lib/gcc/msp430/4.6.3/../../../../msp430/lib/mmpy-16/libc.a(sprintf.o)
 .debug_info    0x0000000000000b45      0x565 /usr/lib/gcc/msp430/4.6.3/../../../../msp430/lib/mmpy-16/libc.a(vuprintf.o)
 .debug_info    0x00000000000010aa       0x96 /usr/lib/gcc/msp430/4.6.3/../../../../msp430/lib/mmpy-16/libc.a(puts.o)
 .debug_info    0x0000000000001140      0x13f /usr/lib/gcc/msp430/4.6.3/../../../../msp430/lib/mmpy-16/libc.a(rand.o)
 .debug_info    0x000000000000127f       0xec /usr/lib/gcc/msp430/4.6.3/mmpy-16/libgcc.a(_udivmod64.o)
 .debug_info    0x000000000000136b       0xce /usr/lib/gcc/msp430/4.6.3/mmpy-16/libcrt0.a(__watchdog_support.o)
 .debug_info    0x0000000000001439       0xce /usr/lib/gcc/msp430/4.6.3/mmpy-16/libcrt0.a(__init_stack.o)
 .debug_info    0x0000000000001507       0xce /usr/lib/gcc/msp430/4.6.3/mmpy-16/libcrt0.a(_copy_data.o)
 .debug_info    0x00000000000015d5       0xce /usr/lib/gcc/msp430/4.6.3/mmpy-16/libcrt0.a(_clear_bss.o)
 .debug_info    0x00000000000016a3       0xce /usr/lib/gcc/msp430/4.6.3/mmpy-16/libcrt0.a(_endless_loop__.o)
 .debug_info    0x0000000000001771       0xce /usr/lib/gcc/msp430/4.6.3/mmpy-16/libcrt0.a(_unexpected_.o)
 *(.gnu.linkonce.wi.*)

.debug_abbrev   0x0000000000000000      0x91e
 *(.debug_abbrev)
 .debug_abbrev  0x0000000000000000       0x14 /usr/lib/gcc/msp430/4.6.3/mmpy-16/libgcc.a(_mulsi3.o)
 .debug_abbrev  0x0000000000000014       0x14 /usr/lib/gcc/msp430/4.6.3/mmpy-16/libgcc.a(_udivmod16.o)
 .debug_abbrev  0x0000000000000028       0x14 /usr/lib/gcc/msp430/4.6.3/mmpy-16/libgcc.a(_udivmod32.o)
 .debug_abbrev  0x000000000000003c       0x7c /usr/lib/gcc/msp430/4.6.3/../../../../msp430/lib/mmpy-16/libc.a(strncmp.o)
 .debug_abbrev  0x00000000000000b8       0x9b /usr/lib/gcc/msp430/4.6.3/../../../../msp430/lib/mmpy-16/libc.a(memcmp.o)
 .debug_abbrev  0x0000000000000153       0x97 /usr/lib/gcc/msp430/4.6.3/../../../../msp430/lib/mmpy-16/libc.a(memcpy.o)
 .debug_abbrev  0x00000000000001ea       0x9c /usr/lib/gcc/msp430/4.6.3/../../../../msp430/lib/mmpy-16/libc.a(memset.o)
 .debug_abbrev  0x0000000000000286       0xf8 /usr/lib/gcc/msp430/4.6.3/../../../../msp430/lib/mmpy-16/libc.a(malloc.o)
 .debug_abbrev  0x000000000000037e       0xd0 /usr/lib/gcc/msp430/4.6.3/../../../../msp430/lib/mmpy-16/libc.a(printf.o)
 .debug_abbrev  0x000000000000044e      0x105 /usr/lib/gcc/msp430/4.6.3/../../../../msp430/lib/mmpy-16/libc.a(sprintf.o)
 .debug_abbrev  0x0000000000000553      0x1ef /usr/lib/gcc/msp430/4.6.3/../../../../msp430/lib/mmpy-16/libc.a(vuprintf.o)
 .debug_abbrev  0x0000000000000742       0x60 /usr/lib/gcc/msp430/4.6.3/../../../../msp430/lib/mmpy-16/libc.a(puts.o)
 .debug_abbrev  0x00000000000007a2       0xf0 /usr/lib/gcc/msp430/4.6.3/../../../../msp430/lib/mmpy-16/libc.a(rand.o)
 .debug_abbrev  0x0000000000000892       0x14 /usr/lib/gcc/msp430/4.6.3/mmpy-16/libgcc.a(_udivmod64.o)
 .debug_abbrev  0x00000000000008a6       0x14 /usr/lib/gcc/msp430/4.6.3/mmpy-16/libcrt0.a(__watchdog_support.o)
 .debug_abbrev  0x00000000000008ba       0x14 /usr/lib/gcc/msp430/4.6.3/mmpy-16/libcrt0.a(__init_stack.o)
 .debug_abbrev  0x00000000000008ce       0x14 /usr/lib/gcc/msp430/4.6.3/mmpy-16/libcrt0.a(_copy_data.o)
 .debug_abbrev  0x00000000000008e2       0x14 /usr/lib/gcc/msp430/4.6.3/mmpy-16/libcrt0.a(_clear_bss.o)
 .debug_abbrev  0x00000000000008f6       0x14 /usr/lib/gcc/msp430/4.6.3/mmpy-16/libcrt0.a(_endless_loop__.o)
 .debug_abbrev  0x000000000000090a       0x14 /usr/lib/gcc/msp430/4.6.3/mmpy-16/libcrt0.a(_unexpected_.o)

.debug_line     0x0000000000000000      0xe37
 *(.debug_line)
 .debug_line    0x0000000000000000       0xae /usr/lib/gcc/msp430/4.6.3/mmpy-16/libgcc.a(_mulsi3.o)
 .debug_line    0x00000000000000ae       0xa7 /usr/lib/gcc/msp430/4.6.3/mmpy-16/libgcc.a(_udivmod16.o)
 .debug_line    0x0000000000000155       0xb6 /usr/lib/gcc/msp430/4.6.3/mmpy-16/libgcc.a(_udivmod32.o)
 .debug_line    0x000000000000020b       0x75 /usr/lib/gcc/msp430/4.6.3/../../../../msp430/lib/mmpy-16/libc.a(strncmp.o)
 .debug_line    0x0000000000000280       0x73 /usr/lib/gcc/msp430/4.6.3/../../../../msp430/lib/mmpy-16/libc.a(memcmp.o)
 .debug_line    0x00000000000002f3       0xe9 /usr/lib/gcc/msp430/4.6.3/../../../../msp430/lib/mmpy-16/libc.a(memcpy.o)
 .debug_line    0x00000000000003dc       0xc8 /usr/lib/gcc/msp430/4.6.3/../../../../msp430/lib/mmpy-16/libc.a(memset.o)
 .debug_line    0x00000000000004a4       0xbe /usr/lib/gcc/msp430/4.6.3/../../../../msp430/lib/mmpy-16/libc.a(malloc.o)
 .debug_line    0x0000000000000562       0x72 /usr/lib/gcc/msp430/4.6.3/../../../../msp430/lib/mmpy-16/libc.a(printf.o)
 .debug_line    0x00000000000005d4       0x9c /usr/lib/gcc/msp430/4.6.3/../../../../msp430/lib/mmpy-16/libc.a(sprintf.o)
 .debug_line    0x0000000000000670      0x2d2 /usr/lib/gcc/msp430/4.6.3/../../../../msp430/lib/mmpy-16/libc.a(vuprintf.o)
 .debug_line    0x0000000000000942       0x4d /usr/lib/gcc/msp430/4.6.3/../../../../msp430/lib/mmpy-16/libc.a(puts.o)
 .debug_line    0x000000000000098f       0x4f /usr/lib/gcc/msp430/4.6.3/../../../../msp430/lib/mmpy-16/libc.a(rand.o)
 .debug_line    0x00000000000009de       0xfc /usr/lib/gcc/msp430/4.6.3/mmpy-16/libgcc.a(_udivmod64.o)
 .debug_line    0x0000000000000ada       0x8f /usr/lib/gcc/msp430/4.6.3/mmpy-16/libcrt0.a(__watchdog_support.o)
 .debug_line    0x0000000000000b69       0x8d /usr/lib/gcc/msp430/4.6.3/mmpy-16/libcrt0.a(__init_stack.o)
 .debug_line    0x0000000000000bf6       0x93 /usr/lib/gcc/msp430/4.6.3/mmpy-16/libcrt0.a(_copy_data.o)
 .debug_line    0x0000000000000c89       0x93 /usr/lib/gcc/msp430/4.6.3/mmpy-16/libcrt0.a(_clear_bss.o)
 .debug_line    0x0000000000000d1c       0x8e /usr/lib/gcc/msp430/4.6.3/mmpy-16/libcrt0.a(_endless_loop__.o)
 .debug_line    0x0000000000000daa       0x8d /usr/lib/gcc/msp430/4.6.3/mmpy-16/libcrt0.a(_unexpected_.o)

.debug_frame    0x0000000000000000      0x2a6
 *(.debug_frame)
 .debug_frame   0x0000000000000000       0x24 /usr/lib/gcc/msp430/4.6.3/../../../../msp430/lib/mmpy-16/libc.a(strncmp.o)
 .debug_frame   0x0000000000000024       0x24 /usr/lib/gcc/msp430/4.6.3/../../../../msp430/lib/mmpy-16/libc.a(memcmp.o)
 .debug_frame   0x0000000000000048       0x38 /usr/lib/gcc/msp430/4.6.3/../../../../msp430/lib/mmpy-16/libc.a(memcpy.o)
 .debug_frame   0x0000000000000080       0x32 /usr/lib/gcc/msp430/4.6.3/../../../../msp430/lib/mmpy-16/libc.a(memset.o)
 .debug_frame   0x00000000000000b2       0x52 /usr/lib/gcc/msp430/4.6.3/../../../../msp430/lib/mmpy-16/libc.a(malloc.o)
 .debug_frame   0x0000000000000104       0x2a /usr/lib/gcc/msp430/4.6.3/../../../../msp430/lib/mmpy-16/libc.a(printf.o)
 .debug_frame   0x000000000000012e       0x68 /usr/lib/gcc/msp430/4.6.3/../../../../msp430/lib/mmpy-16/libc.a(sprintf.o)
 .debug_frame   0x0000000000000196       0xb0 /usr/lib/gcc/msp430/4.6.3/../../../../msp430/lib/mmpy-16/libc.a(vuprintf.o)
 .debug_frame   0x0000000000000246       0x24 /usr/lib/gcc/msp430/4.6.3/../../../../msp430/lib/mmpy-16/libc.a(puts.o)
 .debug_frame   0x000000000000026a       0x3c /usr/lib/gcc/msp430/4.6.3/../../../../msp430/lib/mmpy-16/libc.a(rand.o)

.debug_str      0x0000000000000000      0x495
 *(.debug_str)
 .debug_str     0x0000000000000000       0xd0 /usr/lib/gcc/msp430/4.6.3/../../../../msp430/lib/mmpy-16/libc.a(strncmp.o)
                                        0x109 (size before relaxing)
 .debug_str     0x00000000000000d0       0x19 /usr/lib/gcc/msp430/4.6.3/../../../../msp430/lib/mmpy-16/libc.a(memcmp.o)
                                        0x107 (size before relaxing)
 .debug_str     0x00000000000000e9       0x34 /usr/lib/gcc/msp430/4.6.3/../../../../msp430/lib/mmpy-16/libc.a(memcpy.o)
                                        0x122 (size before relaxing)
 .debug_str     0x000000000000011d       0x26 /usr/lib/gcc/msp430/4.6.3/../../../../msp430/lib/mmpy-16/libc.a(memset.o)
                                        0x120 (size before relaxing)
 .debug_str     0x0000000000000143       0x5b /usr/lib/gcc/msp430/4.6.3/../../../../msp430/lib/mmpy-16/libc.a(malloc.o)
                                        0x14e (size before relaxing)
 .debug_str     0x000000000000019e       0x40 /usr/lib/gcc/msp430/4.6.3/../../../../msp430/lib/mmpy-16/libc.a(printf.o)
                                        0x136 (size before relaxing)
 .debug_str     0x00000000000001de       0x69 /usr/lib/gcc/msp430/4.6.3/../../../../msp430/lib/mmpy-16/libc.a(sprintf.o)
                                        0x19b (size before relaxing)
 .debug_str     0x0000000000000247      0x20f /usr/lib/gcc/msp430/4.6.3/../../../../msp430/lib/mmpy-16/libc.a(vuprintf.o)
                                        0x381 (size before relaxing)
 .debug_str     0x0000000000000456       0x15 /usr/lib/gcc/msp430/4.6.3/../../../../msp430/lib/mmpy-16/libc.a(puts.o)
                                         0xfc (size before relaxing)
 .debug_str     0x000000000000046b       0x2a /usr/lib/gcc/msp430/4.6.3/../../../../msp430/lib/mmpy-16/libc.a(rand.o)
                                        0x11b (size before relaxing)

.debug_loc      0x0000000000000000      0xd0c
 *(.debug_loc)
 .debug_loc     0x0000000000000000       0x38 /usr/lib/gcc/msp430/4.6.3/../../../../msp430/lib/mmpy-16/libc.a(strncmp.o)
 .debug_loc     0x0000000000000038       0x5e /usr/lib/gcc/msp430/4.6.3/../../../../msp430/lib/mmpy-16/libc.a(memcmp.o)
 .debug_loc     0x0000000000000096      0x1f0 /usr/lib/gcc/msp430/4.6.3/../../../../msp430/lib/mmpy-16/libc.a(memcpy.o)
 .debug_loc     0x0000000000000286       0xdb /usr/lib/gcc/msp430/4.6.3/../../../../msp430/lib/mmpy-16/libc.a(memset.o)
 .debug_loc     0x0000000000000361      0x12e /usr/lib/gcc/msp430/4.6.3/../../../../msp430/lib/mmpy-16/libc.a(malloc.o)
 .debug_loc     0x000000000000048f       0x38 /usr/lib/gcc/msp430/4.6.3/../../../../msp430/lib/mmpy-16/libc.a(printf.o)
 .debug_loc     0x00000000000004c7       0xeb /usr/lib/gcc/msp430/4.6.3/../../../../msp430/lib/mmpy-16/libc.a(sprintf.o)
 .debug_loc     0x00000000000005b2      0x705 /usr/lib/gcc/msp430/4.6.3/../../../../msp430/lib/mmpy-16/libc.a(vuprintf.o)
 .debug_loc     0x0000000000000cb7       0x26 /usr/lib/gcc/msp430/4.6.3/../../../../msp430/lib/mmpy-16/libc.a(puts.o)
 .debug_loc     0x0000000000000cdd       0x2f /usr/lib/gcc/msp430/4.6.3/../../../../msp430/lib/mmpy-16/libc.a(rand.o)

.debug_macinfo
 *(.debug_macinfo)

.debug_pubtypes
 *(.debug_pubtypes)

.debug_ranges   0x0000000000000000       0x18
 *(.debug_ranges)
 .debug_ranges  0x0000000000000000       0x18 /usr/lib/gcc/msp430/4.6.3/../../../../msp430/lib/mmpy-16/libc.a(vuprintf.o)
                0x0000000000003900                PROVIDE (__stack, (ORIGIN (ram) + 0x2800))
                0x0000000000008ec2                PROVIDE (__data_start_rom, _etext)
                0x0000000000008f34                PROVIDE (__data_end_rom, (_etext + SIZEOF (.data)))
OUTPUT(node.sky elf32-msp430)
